/Users/narayan/Desktop/projects/model-router/.venv/lib/python3.14/site-packages/torch/jit/_script.py:1485: FutureWarning: `torch.jit.script` is not supported in Python 3.14+ and may break. Please switch to `torch.compile` or `torch.export`.
  warnings.warn(
Loading weights:   0%|          | 0/202 [00:00<?, ?it/s]Loading weights: 100%|██████████| 202/202 [00:00<00:00, 14249.54it/s]
[always_cheapest] 1/30 cc_01  -> cheap     q=10 2310ms $0.00005 fb=False err=none
[always_cheapest] 2/30 cc_02  -> cheap     q=10 1382ms $0.00006 fb=False err=none
[always_cheapest] 3/30 cc_03  -> cheap     q=9 2975ms $0.00005 fb=False err=none
[always_cheapest] 4/30 cc_04  -> cheap     q=7 2686ms $0.00033 fb=False err=none
[always_cheapest] 5/30 cc_05  -> cheap     q=9 3213ms $0.00005 fb=False err=none
[always_cheapest] 6/30 cc_06  -> cheap     q=7 794ms $0.00001 fb=False err=none
[always_cheapest] 7/30 cc_07  -> cheap     q=10 3299ms $0.00027 fb=False err=none
[always_cheapest] 8/30 cc_08  -> cheap     q=9 1330ms $0.00006 fb=False err=none
[always_cheapest] 9/30 de_01  -> cheap     q=10 1262ms $0.00006 fb=False err=none
[always_cheapest] 10/30 de_02  -> cheap     q=10 1075ms $0.00004 fb=False err=none
[always_cheapest] 11/30 de_03  -> cheap     q=10 3102ms $0.00038 fb=False err=none
[always_cheapest] 12/30 de_04  -> cheap     q=10 3423ms $0.00003 fb=False err=none
[always_cheapest] 13/30 de_05  -> cheap     q=10 1397ms $0.00012 fb=False err=none
[always_cheapest] 14/30 de_06  -> cheap     q=5 5641ms $0.00040 fb=False err=none
[always_cheapest] 15/30 de_07  -> cheap     q=10 1223ms $0.00007 fb=False err=none
[always_cheapest] 16/30 de_08  -> cheap     q=10 1153ms $0.00005 fb=False err=none
[always_cheapest] 17/30 tr_01  -> cheap     q=10 2436ms $0.00021 fb=False err=none
[always_cheapest] 18/30 tr_02  -> cheap     q=10 3151ms $0.00003 fb=False err=none
[always_cheapest] 19/30 tr_03  -> cheap     q=10 1612ms $0.00012 fb=False err=none
[always_cheapest] 20/30 tr_04  -> cheap     q=10 3357ms $0.00028 fb=False err=none
[always_cheapest] 21/30 tr_05  -> cheap     q=8 4066ms $0.00040 fb=False err=none
[always_cheapest] 22/30 tr_06  -> cheap     q=10 2691ms $0.00027 fb=False err=none
[always_cheapest] 23/30 tr_07  -> cheap     q=8 4373ms $0.00042 fb=False err=none
[always_cheapest] 24/30 cl_01  -> cheap     q=10 965ms $0.00001 fb=False err=none
[always_cheapest] 25/30 cl_02  -> cheap     q=10 993ms $0.00001 fb=False err=none
[always_cheapest] 26/30 cl_03  -> cheap     q=10 891ms $0.00001 fb=False err=none
[always_cheapest] 27/30 cl_04  -> cheap     q=0 1646ms $0.00008 fb=False err=none
[always_cheapest] 28/30 cl_05  -> cheap     q=10 886ms $0.00001 fb=False err=none
[always_cheapest] 29/30 cl_06  -> cheap     q=10 1013ms $0.00001 fb=False err=none
[always_cheapest] 30/30 cl_07  -> cheap     q=0 2395ms $0.00017 fb=False err=none

=== always_cheapest (n=30) ===
  total serving cost : ₹0.35  ($0.0040)   judge cost (separate): $0.0153
  latency mean / p95 : 2225 ms / 4066 ms  (router overhead 0.148 ms)
  mean quality (0-10): 8.73    fallback rate: 0%    error rate: 0%
  resolved (>= 8/10): 83%    cost per resolved outcome: ₹0.0141
  routing mix        : cheap 100%
  routing accuracy   : 0.9  (detected difficulty == hidden label)
[always_frontier] 1/30 cc_01  -> frontier  q=10 5891ms $0.00321 fb=False err=none
[always_frontier] 2/30 cc_02  -> frontier  q=10 4279ms $0.00418 fb=False err=none
[always_frontier] 3/30 cc_03  -> frontier  q=10 3744ms $0.00506 fb=False err=none
[always_frontier] 4/30 cc_04  -> frontier  q=10 10913ms $0.02123 fb=False err=none
[always_frontier] 5/30 cc_05  -> frontier  q=10 4116ms $0.00475 fb=False err=none
[always_frontier] 6/30 cc_06  -> frontier  q=10 3376ms $0.00148 fb=False err=none
[always_frontier] 7/30 cc_07  -> frontier  q=10 13848ms $0.02178 fb=False err=none
[always_frontier] 8/30 cc_08  -> frontier  q=0 410ms $0.00000 fb=False err=api_error
[always_frontier] 9/30 de_01  -> frontier  q=0 407ms $0.00000 fb=False err=api_error
[always_frontier] 10/30 de_02  -> frontier  q=0 914ms $0.00000 fb=False err=api_error
[always_frontier] 11/30 de_03  -> frontier  q=0 374ms $0.00000 fb=False err=api_error
[always_frontier] 12/30 de_04  -> frontier  q=0 551ms $0.00000 fb=False err=api_error
[always_frontier] 13/30 de_05  -> frontier  q=0 512ms $0.00000 fb=False err=api_error
[always_frontier] 14/30 de_06  -> frontier  q=0 409ms $0.00000 fb=False err=api_error
[always_frontier] 15/30 de_07  -> frontier  q=0 712ms $0.00000 fb=False err=api_error
[always_frontier] 16/30 de_08  -> frontier  q=0 422ms $0.00000 fb=False err=api_error
[always_frontier] 17/30 tr_01  -> frontier  q=0 400ms $0.00000 fb=False err=api_error
[always_frontier] 18/30 tr_02  -> frontier  q=0 349ms $0.00000 fb=False err=api_error
[always_frontier] 19/30 tr_03  -> frontier  q=0 361ms $0.00000 fb=False err=api_error
[always_frontier] 20/30 tr_04  -> frontier  q=0 435ms $0.00000 fb=False err=api_error
[always_frontier] 21/30 tr_05  -> frontier  q=0 373ms $0.00000 fb=False err=api_error
[always_frontier] 22/30 tr_06  -> frontier  q=0 356ms $0.00000 fb=False err=api_error
[always_frontier] 23/30 tr_07  -> frontier  q=0 466ms $0.00000 fb=False err=api_error
[always_frontier] 24/30 cl_01  -> frontier  q=0 345ms $0.00000 fb=False err=api_error
[always_frontier] 25/30 cl_02  -> frontier  q=0 483ms $0.00000 fb=False err=api_error
[always_frontier] 26/30 cl_03  -> frontier  q=0 714ms $0.00000 fb=False err=api_error
[always_frontier] 27/30 cl_04  -> frontier  q=0 354ms $0.00000 fb=False err=api_error
[always_frontier] 28/30 cl_05  -> frontier  q=0 729ms $0.00000 fb=False err=api_error
[always_frontier] 29/30 cl_06  -> frontier  q=0 487ms $0.00000 fb=False err=api_error
[always_frontier] 30/30 cl_07  -> frontier  q=0 402ms $0.00000 fb=False err=api_error

=== always_frontier (n=30) ===
  total serving cost : ₹5.43  ($0.0617)   judge cost (separate): $0.0040
  latency mean / p95 : 1904 ms / 5891 ms  (router overhead 0.168 ms)
  mean quality (0-10): 2.33    fallback rate: 0%    error rate: 77%
  resolved (>= 8/10): 23%    cost per resolved outcome: ₹0.7757
  routing mix        : frontier 100%
  routing accuracy   : 0.9  (detected difficulty == hidden label)
[router_balanced] 1/30 cc_01  -> mid       q=10 2219ms $0.00042 fb=False err=none
[router_balanced] 2/30 cc_02  -> indic     q=10 1105ms $0.00015 fb=False err=none
[router_balanced] 3/30 cc_03  -> indic     q=7 677ms $0.00011 fb=False err=none
[router_balanced] 4/30 cc_04  -> frontier  q=0 392ms $0.00000 fb=False err=api_error
[router_balanced] 5/30 cc_05  -> indic     q=9 814ms $0.00013 fb=False err=none
[router_balanced] 6/30 cc_06  -> mid       q=7 2032ms $0.00011 fb=False err=none
[router_balanced] 7/30 cc_07  -> frontier  q=0 470ms $0.00000 fb=False err=api_error
[router_balanced] 8/30 cc_08  -> indic     q=10 817ms $0.00014 fb=False err=none
[router_balanced] 9/30 de_01  -> mid       q=10 2545ms $0.00051 fb=False err=none
[router_balanced] 10/30 de_02  -> indic     q=10 701ms $0.00010 fb=False err=none
[router_balanced] 11/30 de_03  -> frontier  q=0 445ms $0.00000 fb=False err=api_error
[router_balanced] 12/30 de_04  -> mid       q=10 3846ms $0.00022 fb=False err=none
[router_balanced] 13/30 de_05  -> mid       q=10 3079ms $0.00105 fb=False err=none
[router_balanced] 14/30 de_06  -> frontier  q=0 863ms $0.00000 fb=False err=api_error
[router_balanced] 15/30 de_07  -> indic     q=None 1021ms $0.00016 fb=False err=none
[router_balanced] 16/30 de_08  -> upper_mid q=None 3121ms $0.00307 fb=True err=none
[router_balanced] 17/30 tr_01  -> indic     q=10 268ms $0.00002 fb=False err=none
[router_balanced] 18/30 tr_02  -> indic     q=10 410ms $0.00006 fb=False err=none
[router_balanced] 19/30 tr_03  -> indic     q=10 312ms $0.00004 fb=False err=none
[router_balanced] 20/30 tr_04  -> frontier  q=0 192ms $0.00000 fb=False err=api_error
[router_balanced] 21/30 tr_05  -> indic     q=None 1649ms $0.00025 fb=False err=none
[router_balanced] 22/30 tr_06  -> indic     q=None 896ms $0.00014 fb=False err=none
[router_balanced] 23/30 tr_07  -> frontier  q=0 125ms $0.00000 fb=False err=api_error
[router_balanced] 24/30 cl_01  -> cheap     q=10 795ms $0.00001 fb=False err=none
[router_balanced] 25/30 cl_02  -> indic     q=10 263ms $0.00003 fb=False err=none
[router_balanced] 26/30 cl_03  -> cheap     q=10 760ms $0.00001 fb=False err=none
[router_balanced] 27/30 cl_04  -> frontier  q=0 172ms $0.00000 fb=False err=api_error
[router_balanced] 28/30 cl_05  -> cheap     q=10 765ms $0.00001 fb=False err=none
[router_balanced] 29/30 cl_06  -> indic     q=10 240ms $0.00003 fb=False err=none
[router_balanced] 30/30 cl_07  -> frontier  q=0 219ms $0.00000 fb=False err=api_error

=== router_balanced (n=30) ===
  total serving cost : ₹0.59  ($0.0068)   judge cost (separate): $0.0053
  latency mean / p95 : 1040 ms / 3079 ms  (router overhead 0.198 ms)
  mean quality (0-10): 6.65    fallback rate: 3%    error rate: 27%
  resolved (>= 8/10): 53%    cost per resolved outcome: ₹0.0372
  routing mix        : cheap 10%, indic 43%, mid 17%, upper_mid 3%, frontier 27%
  routing accuracy   : 0.9  (detected difficulty == hidden label)
[router_cost_first] 1/30 cc_01  -> cheap     q=None 960ms $0.00005 fb=False err=none
[router_cost_first] 2/30 cc_02  -> indic     q=None 855ms $0.00015 fb=False err=none
[router_cost_first] 3/30 cc_03  -> indic     q=None 648ms $0.00014 fb=False err=none
[router_cost_first] 4/30 cc_04  -> frontier  q=0 507ms $0.00000 fb=True err=api_error
[router_cost_first] 5/30 cc_05  -> indic     q=None 773ms $0.00014 fb=False err=none
[router_cost_first] 6/30 cc_06  -> cheap     q=None 1144ms $0.00001 fb=False err=none
[router_cost_first] 7/30 cc_07  -> frontier  q=0 502ms $0.00000 fb=True err=api_error
[router_cost_first] 8/30 cc_08  -> indic     q=10 614ms $0.00013 fb=False err=none
[router_cost_first] 9/30 de_01  -> cheap     q=10 956ms $0.00006 fb=False err=none
[router_cost_first] 10/30 de_02  -> indic     q=None 482ms $0.00010 fb=False err=none
[router_cost_first] 11/30 de_03  -> frontier  q=0 572ms $0.00000 fb=True err=api_error
[router_cost_first] 12/30 de_04  -> cheap     q=10 1577ms $0.00003 fb=False err=none
[router_cost_first] 13/30 de_05  -> cheap     q=10 1330ms $0.00012 fb=False err=none
[router_cost_first] 14/30 de_06  -> frontier  q=0 702ms $0.00000 fb=True err=api_error
[router_cost_first] 15/30 de_07  -> indic     q=10 967ms $0.00016 fb=False err=none
[router_cost_first] 16/30 de_08  -> cheap     q=10 1266ms $0.00005 fb=False err=none
[router_cost_first] 17/30 tr_01  -> indic     q=10 262ms $0.00002 fb=False err=none
[router_cost_first] 18/30 tr_02  -> indic     q=10 1400ms $0.00022 fb=False err=none
[router_cost_first] 19/30 tr_03  -> indic     q=10 395ms $0.00004 fb=False err=none
[router_cost_first] 20/30 tr_04  -> frontier  q=0 547ms $0.00000 fb=True err=api_error
[router_cost_first] 21/30 tr_05  -> indic     q=8 1631ms $0.00025 fb=False err=none
[router_cost_first] 22/30 tr_06  -> indic     q=10 1534ms $0.00019 fb=False err=none
[router_cost_first] 23/30 tr_07  -> upper_mid q=10 10046ms $0.01059 fb=False err=none
[router_cost_first] 24/30 cl_01  -> cheap     q=10 785ms $0.00001 fb=False err=none
[router_cost_first] 25/30 cl_02  -> indic     q=10 250ms $0.00003 fb=False err=none
[router_cost_first] 26/30 cl_03  -> cheap     q=10 797ms $0.00001 fb=False err=none
[router_cost_first] 27/30 cl_04  -> frontier  q=0 5151ms $0.00548 fb=True err=api_error
[router_cost_first] 28/30 cl_05  -> cheap     q=10 812ms $0.00001 fb=False err=none
[router_cost_first] 29/30 cl_06  -> indic     q=10 256ms $0.00003 fb=False err=none
[router_cost_first] 30/30 cl_07  -> frontier  q=0 6115ms $0.00675 fb=True err=api_error

=== router_cost_first (n=30) ===
  total serving cost : ₹2.18  ($0.0248)   judge cost (separate): $0.0054
  latency mean / p95 : 1461 ms / 5151 ms  (router overhead 0.141 ms)
  mean quality (0-10): 7    fallback rate: 23%    error rate: 23%
  resolved (>= 8/10): 57%    cost per resolved outcome: ₹0.1282
  routing mix        : cheap 30%, indic 43%, upper_mid 3%, frontier 23%
  routing accuracy   : 0.9  (detected difficulty == hidden label)
[router_quality_first] 1/30 cc_01  -> frontier  q=0 620ms $0.00000 fb=True err=api_error
[router_quality_first] 2/30 cc_02  -> indic     q=10 787ms $0.00016 fb=False err=none
[router_quality_first] 3/30 cc_03  -> indic     q=10 720ms $0.00013 fb=False err=none
[router_quality_first] 4/30 cc_04  -> frontier  q=0 210ms $0.00000 fb=False err=api_error
[router_quality_first] 5/30 cc_05  -> indic     q=10 798ms $0.00015 fb=False err=none
[router_quality_first] 6/30 cc_06  -> frontier  q=0 561ms $0.00000 fb=True err=api_error
[router_quality_first] 7/30 cc_07  -> frontier  q=0 144ms $0.00000 fb=False err=api_error
[router_quality_first] 8/30 cc_08  -> indic     q=10 724ms $0.00012 fb=False err=none
[router_quality_first] 9/30 de_01  -> frontier  q=0 489ms $0.00000 fb=True err=api_error
[router_quality_first] 10/30 de_02  -> indic     q=10 690ms $0.00010 fb=False err=none
[router_quality_first] 11/30 de_03  -> frontier  q=0 134ms $0.00000 fb=False err=api_error
[router_quality_first] 12/30 de_04  -> frontier  q=0 530ms $0.00000 fb=True err=api_error
[router_quality_first] 13/30 de_05  -> frontier  q=0 538ms $0.00000 fb=True err=api_error
[router_quality_first] 14/30 de_06  -> frontier  q=0 259ms $0.00000 fb=False err=api_error
[router_quality_first] 15/30 de_07  -> indic     q=10 1296ms $0.00016 fb=False err=none
[router_quality_first] 16/30 de_08  -> frontier  q=0 853ms $0.00000 fb=True err=api_error
[router_quality_first] 17/30 tr_01  -> indic     q=10 228ms $0.00002 fb=False err=none
[router_quality_first] 18/30 tr_02  -> indic     q=10 373ms $0.00006 fb=False err=none
[router_quality_first] 19/30 tr_03  -> indic     q=10 317ms $0.00004 fb=False err=none
[router_quality_first] 20/30 tr_04  -> frontier  q=0 180ms $0.00000 fb=False err=api_error
[router_quality_first] 21/30 tr_05  -> indic     q=8 1829ms $0.00028 fb=False err=none
[router_quality_first] 22/30 tr_06  -> indic     q=10 1250ms $0.00019 fb=False err=none
[router_quality_first] 23/30 tr_07  -> frontier  q=0 158ms $0.00000 fb=False err=api_error
[router_quality_first] 24/30 cl_01  -> mid       q=10 1911ms $0.00004 fb=False err=none
[router_quality_first] 25/30 cl_02  -> indic     q=10 213ms $0.00003 fb=False err=none
[router_quality_first] 26/30 cl_03  -> mid       q=10 1492ms $0.00004 fb=False err=none
[router_quality_first] 27/30 cl_04  -> frontier  q=0 248ms $0.00000 fb=False err=api_error
[router_quality_first] 28/30 cl_05  -> mid       q=10 3470ms $0.00004 fb=False err=none
[router_quality_first] 29/30 cl_06  -> indic     q=10 251ms $0.00003 fb=False err=none
[router_quality_first] 30/30 cl_07  -> frontier  q=0 159ms $0.00000 fb=False err=api_error

=== router_quality_first (n=30) ===
  total serving cost : ₹0.14  ($0.0016)   judge cost (separate): $0.0044
  latency mean / p95 : 714 ms / 1829 ms  (router overhead 0.148 ms)
  mean quality (0-10): 5.27    fallback rate: 20%    error rate: 47%
  resolved (>= 8/10): 53%    cost per resolved outcome: ₹0.0088
  routing mix        : indic 43%, mid 10%, frontier 47%
  routing accuracy   : 0.9  (detected difficulty == hidden label)
[router_deberta] 1/30 cc_01  -> frontier  q=0 459ms $0.00000 fb=False err=api_error
[router_deberta] 2/30 cc_02  -> indic     q=10 883ms $0.00015 fb=False err=none
[router_deberta] 3/30 cc_03  -> indic     q=10 1070ms $0.00014 fb=False err=none
[router_deberta] 4/30 cc_04  -> frontier  q=0 327ms $0.00000 fb=False err=api_error
[router_deberta] 5/30 cc_05  -> indic     q=10 967ms $0.00013 fb=False err=none
[router_deberta] 6/30 cc_06  -> cheap     q=7 982ms $0.00001 fb=False err=none
[router_deberta] 7/30 cc_07  -> frontier  q=0 326ms $0.00000 fb=False err=api_error
[router_deberta] 8/30 cc_08  -> indic     q=10 991ms $0.00013 fb=False err=none
[router_deberta] 9/30 de_01  -> upper_mid q=0 694ms $0.00000 fb=True err=api_error
[router_deberta] 10/30 de_02  -> indic     q=10 795ms $0.00010 fb=False err=none
[router_deberta] 11/30 de_03  -> frontier  q=0 266ms $0.00000 fb=False err=api_error
[router_deberta] 12/30 de_04  -> mid       q=10 1838ms $0.00022 fb=False err=none
[router_deberta] 13/30 de_05  -> mid       q=None 3167ms $0.00105 fb=False err=none
[router_deberta] 14/30 de_06  -> frontier  q=0 243ms $0.00000 fb=False err=api_error
[router_deberta] 15/30 de_07  -> indic     q=None 1204ms $0.00016 fb=False err=none
[router_deberta] 16/30 de_08  -> upper_mid q=0 1305ms $0.00000 fb=True err=api_error
[router_deberta] 17/30 tr_01  -> indic     q=9 395ms $0.00002 fb=False err=none
[router_deberta] 18/30 tr_02  -> indic     q=None 845ms $0.00010 fb=False err=none
[router_deberta] 19/30 tr_03  -> indic     q=10 481ms $0.00004 fb=False err=none
[router_deberta] 20/30 tr_04  -> frontier  q=0 243ms $0.00000 fb=False err=api_error
[router_deberta] 21/30 tr_05  -> indic     q=None 1626ms $0.00025 fb=False err=none
[router_deberta] 22/30 tr_06  -> indic     q=None 1465ms $0.00020 fb=False err=none
[router_deberta] 23/30 tr_07  -> indic     q=None 5264ms $0.00075 fb=False err=none
[router_deberta] 24/30 cl_01  -> cheap     q=10 869ms $0.00001 fb=False err=none
[router_deberta] 25/30 cl_02  -> frontier  q=0 304ms $0.00000 fb=False err=api_error
[router_deberta] 26/30 cl_03  -> frontier  q=0 254ms $0.00000 fb=False err=api_error
[router_deberta] 27/30 cl_04  -> frontier  q=0 318ms $0.00000 fb=False err=api_error
[router_deberta] 28/30 cl_05  -> cheap     q=10 1769ms $0.00001 fb=False err=none
[router_deberta] 29/30 cl_06  -> frontier  q=0 261ms $0.00000 fb=False err=api_error
[router_deberta] 30/30 cl_07  -> frontier  q=0 195ms $0.00000 fb=False err=api_error

=== router_deberta (n=30) ===
  total serving cost : ₹0.31  ($0.0035)   judge cost (separate): $0.0043
  latency mean / p95 : 994 ms / 1838 ms  (router overhead 121.424 ms)
  mean quality (0-10): 4.42    fallback rate: 7%    error rate: 43%
  resolved (>= 8/10): 33%    cost per resolved outcome: ₹0.0306
  routing mix        : cheap 10%, indic 40%, mid 7%, upper_mid 7%, frontier 37%
  routing accuracy   : 0.733  (detected difficulty == hidden label)
[router_hybrid] 1/30 cc_01  -> upper_mid q=0 653ms $0.00000 fb=True err=api_error
[router_hybrid] 2/30 cc_02  -> indic     q=None 933ms $0.00015 fb=False err=none
[router_hybrid] 3/30 cc_03  -> indic     q=None 724ms $0.00012 fb=False err=none
[router_hybrid] 4/30 cc_04  -> frontier  q=0 193ms $0.00000 fb=False err=api_error
[router_hybrid] 5/30 cc_05  -> indic     q=None 1032ms $0.00013 fb=False err=none
[router_hybrid] 6/30 cc_06  -> upper_mid q=0 956ms $0.00000 fb=True err=api_error
[router_hybrid] 7/30 cc_07  -> frontier  q=0 337ms $0.00000 fb=False err=api_error
[router_hybrid] 8/30 cc_08  -> indic     q=None 1365ms $0.00014 fb=False err=none
[router_hybrid] 9/30 de_01  -> upper_mid q=0 1398ms $0.00000 fb=True err=api_error
[router_hybrid] 10/30 de_02  -> indic     q=10 601ms $0.00010 fb=False err=none
[router_hybrid] 11/30 de_03  -> frontier  q=0 206ms $0.00000 fb=False err=api_error
[router_hybrid] 12/30 de_04  -> mid       q=10 2985ms $0.00022 fb=False err=none
[router_hybrid] 13/30 de_05  -> mid       q=10 3174ms $0.00105 fb=False err=none
[router_hybrid] 14/30 de_06  -> frontier  q=0 330ms $0.00000 fb=False err=api_error
[router_hybrid] 15/30 de_07  -> indic     q=8 1491ms $0.00024 fb=False err=none
[router_hybrid] 16/30 de_08  -> mid       q=10 2558ms $0.00046 fb=False err=none
[router_hybrid] 17/30 tr_01  -> indic     q=10 273ms $0.00002 fb=False err=none
[router_hybrid] 18/30 tr_02  -> indic     q=10 513ms $0.00007 fb=False err=none
[router_hybrid] 19/30 tr_03  -> indic     q=10 270ms $0.00004 fb=False err=none
[router_hybrid] 20/30 tr_04  -> frontier  q=0 306ms $0.00000 fb=False err=api_error
[router_hybrid] 21/30 tr_05  -> indic     q=8 2061ms $0.00026 fb=False err=none
[router_hybrid] 22/30 tr_06  -> indic     q=10 1228ms $0.00020 fb=False err=none
[router_hybrid] 23/30 tr_07  -> frontier  q=0 158ms $0.00000 fb=False err=api_error
[router_hybrid] 24/30 cl_01  -> cheap     q=10 774ms $0.00001 fb=False err=none
[router_hybrid] 25/30 cl_02  -> indic     q=10 206ms $0.00003 fb=False err=none
[router_hybrid] 26/30 cl_03  -> cheap     q=10 901ms $0.00001 fb=False err=none
[router_hybrid] 27/30 cl_04  -> frontier  q=0 128ms $0.00000 fb=False err=api_error
[router_hybrid] 28/30 cl_05  -> cheap     q=10 693ms $0.00001 fb=False err=none
[router_hybrid] 29/30 cl_06  -> indic     q=10 242ms $0.00003 fb=False err=none
[router_hybrid] 30/30 cl_07  -> frontier  q=0 124ms $0.00000 fb=False err=api_error

=== router_hybrid (n=30) ===
  total serving cost : ₹0.29  ($0.0033)   judge cost (separate): $0.0040
  latency mean / p95 : 894 ms / 2558 ms  (router overhead 3.847 ms)
  mean quality (0-10): 5.62    fallback rate: 10%    error rate: 37%
  resolved (>= 8/10): 50%    cost per resolved outcome: ₹0.0192
  routing mix        : cheap 10%, indic 43%, mid 10%, upper_mid 10%, frontier 27%
  routing accuracy   : 0.9  (detected difficulty == hidden label)

Done in 531s. run_id=5a7c83ad. Wrote results/summary.csv and results/economics.md
exit 0
